# Packages installed on top of a stock Omarchy install.
#
# RULE: every package installed on the machine gets added here, at the time it
# is installed, with a comment saying why. This file plus install.sh must be
# enough to rebuild the box. One package per line; `# comment` is ignored.
#
# Omarchy already ships: hyprland, waybar-equivalents, nvim (LazyVim), lazygit,
# ghostty, btop, fastfetch, tmux, starship, gh, yay, mise, zoxide, fzf, fd, bat,
# eza, imv, mpv. Do NOT list those here.

# --- Core: required for this repo to function ---
stow           # symlink farm manager for these dotfiles
omarchy-zsh    # zsh layer for Omarchy; owns ~/.zshrc and ~/.bashrc

# --- CLI tools whose config this repo carries ---
atuin          # shell history search; config + theme in home/.config/atuin
zsh-autosuggestions  # grey inline history suggestion; omarchy-zsh does not ship it
k9s            # kubernetes TUI; aliases/plugins/skin in home/.config/k9s
git-delta      # diff pager; required by core.pager in overrides.gitconfig

# --- Services (see SERVICES.md) ---
libsecret      # secret-tool CLI; the DDNS updater reads its password from the keyring.
               # Usually present as a dependency, listed so a rebuild cannot lose
               # it if that dependency chain changes. gnome-keyring itself is an
               # Omarchy dependency, so it is deliberately not listed here.
